// Jest Snapshot v1, https://goo.gl/fbAQLP

exports[`should render Header component correctly 1`] = `
<header>
  <h1>
    Expensify
  </h1>
  <p>
     
    <NavLink
      activeClassName="isActive"
      ariaCurrent="true"
      to="/dashboard"
    >
      Home
    </NavLink>
     
  </p>
  <p>
     
    <NavLink
      activeClassName="isActive"
      ariaCurrent="true"
      to="/create"
    >
      Add Expense
    </NavLink>
     
  </p>
  <button
    onClick={[Function]}
  >
    Logout
  </button>
</header>
`;
